Dinner	5001	X
Breakfast	1001	X
Lunch	2001	X
Meal expenses: 8003
Total expenses: 8003
