Expenses Thu Jan 13 12:40:13 CET 2022
Meal expenses: 0
Total expenses: 0
